******************************************************************************
                  TI ARM Linker PC v16.9.4                     
******************************************************************************
>> Linked Tue Apr 30 23:06:51 2024

OUTPUT FILE NAME:   <016_ServoSpeedControl.out>
ENTRY POINT SYMBOL: "_c_int00"  address: 00000581


MEMORY CONFIGURATION

         name            origin    length      used     unused   attr    fill
----------------------  --------  ---------  --------  --------  ----  --------
  FLASH                 00000000   00040000  00000704  0003f8fc  R  X
  SRAM                  20000000   00008000  00000220  00007de0  RW X


SEGMENT ALLOCATION MAP

run origin  load origin   length   init length attrs members
----------  ----------- ---------- ----------- ----- -------
00000000    00000000    00000708   00000708    r-x
  00000000    00000000    0000026c   0000026c    r-- .intvecs
  0000026c    0000026c    00000460   00000460    r-x .text
  000006d0    000006d0    00000038   00000038    r-- .cinit
20000000    20000000    00000220   00000000    rw-
  20000000    20000000    00000200   00000000    rw- .stack
  20000200    20000200    00000018   00000000    rw- .data
  20000218    20000218    00000008   00000000    rw- .bss


SECTION ALLOCATION MAP

 output                                  attributes/
section   page    origin      length       input sections
--------  ----  ----------  ----------   ----------------
.intvecs   0    00000000    0000026c     
                  00000000    0000026c     tm4c123gh6pge_startup_ccs.obj (.intvecs)

.text      0    0000026c    00000460     
                  0000026c    00000124     main.obj (.text)
                  00000390    0000009c     rtsv7M4_T_le_v4SPD16_eabi.lib : memcpy_t2.obj (.text)
                  0000042c    0000007a                                   : memset_t2.obj (.text)
                  000004a6    00000002                                   : mpu_init.obj (.text)
                  000004a8    00000070                                   : autoinit.obj (.text)
                  00000518    00000068                                   : copy_decompress_lzss.obj (.text:decompress:lzss)
                  00000580    00000054                                   : boot.obj (.text)
                  000005d4    00000054                                   : exit.obj (.text)
                  00000628    0000004c                                   : cpy_tbl.obj (.text)
                  00000674    00000018                                   : args_main.obj (.text)
                  0000068c    00000014                                   : _lock.obj (.text)
                  000006a0    0000000e                                   : copy_decompress_none.obj (.text:decompress:none)
                  000006ae    0000000c                                   : copy_zero_init.obj (.text:decompress:ZI)
                  000006ba    0000000c     tm4c123gh6pge_startup_ccs.obj (.text)
                  000006c6    00000004     rtsv7M4_T_le_v4SPD16_eabi.lib : pre_init.obj (.text)
                  000006ca    00000002                                   : startup.obj (.text)

.cinit     0    000006d0    00000038     
                  000006d0    00000011     (.cinit..data.load) [load image, compression = lzss]
                  000006e1    00000003     --HOLE-- [fill = 0]
                  000006e4    0000000c     (__TI_handler_table)
                  000006f0    00000008     (.cinit..bss.load) [load image, compression = zero_init]
                  000006f8    00000010     (__TI_cinit_table)

.init_array 
*          0    00000000    00000000     UNINITIALIZED

.stack     0    20000000    00000200     UNINITIALIZED
                  20000000    00000200     --HOLE--

.data      0    20000200    00000018     UNINITIALIZED
                  20000200    0000000c     rtsv7M4_T_le_v4SPD16_eabi.lib : exit.obj (.data:$O1$$)
                  2000020c    00000008                                   : _lock.obj (.data:$O1$$)
                  20000214    00000004                                   : stkdepth_vars.obj (.data)

.bss       0    20000218    00000008     UNINITIALIZED
                  20000218    00000004     (.common:i)
                  2000021c    00000004     (.common:servoTimer)

MODULE SUMMARY

       Module                          code   ro data   rw data
       ------                          ----   -------   -------
    .\
       tm4c123gh6pge_startup_ccs.obj   12     620       0      
       main.obj                        292    0         8      
    +--+-------------------------------+------+---------+---------+
       Total:                          304    620       8      
                                                               
    D:\Robocon Softwares\CCS\ccsv7\tools\compiler\ti-cgt-arm_16.9.4.LTS\lib\rtsv7M4_T_le_v4SPD16_eabi.lib
       memcpy_t2.obj                   156    0         0      
       memset_t2.obj                   122    0         0      
       autoinit.obj                    112    0         0      
       copy_decompress_lzss.obj        104    0         0      
       exit.obj                        84     0         12     
       boot.obj                        84     0         0      
       cpy_tbl.obj                     76     0         0      
       _lock.obj                       20     0         8      
       args_main.obj                   24     0         0      
       copy_decompress_none.obj        14     0         0      
       copy_zero_init.obj              12     0         0      
       pre_init.obj                    4      0         0      
       stkdepth_vars.obj               0      0         4      
       mpu_init.obj                    2      0         0      
       startup.obj                     2      0         0      
    +--+-------------------------------+------+---------+---------+
       Total:                          816    0         24     
                                                               
       Stack:                          0      0         512    
       Linker Generated:               0      53        0      
    +--+-------------------------------+------+---------+---------+
       Grand Total:                    1120   673       544    


LINKER GENERATED COPY TABLES

__TI_cinit_table @ 000006f8 records: 2, size/record: 8, table size: 16
	.data: load addr=000006d0, load size=00000011 bytes, run addr=20000200, run size=00000018 bytes, compression=lzss
	.bss: load addr=000006f0, load size=00000008 bytes, run addr=20000218, run size=00000008 bytes, compression=zero_init


LINKER GENERATED HANDLER TABLE

__TI_handler_table @ 000006e4 records: 3, size/record: 4, table size: 12
	index: 0, handler: __TI_decompress_lzss
	index: 1, handler: __TI_decompress_none
	index: 2, handler: __TI_zero_init


GLOBAL SYMBOLS: SORTED ALPHABETICALLY BY Name 

address   name                           
-------   ----                           
000005d5  C$$EXIT                        
000006bb  ResetISR                       
UNDEFED   SHT$$INIT_ARRAY$$Base          
UNDEFED   SHT$$INIT_ARRAY$$Limit         
20000200  __STACK_END                    
00000200  __STACK_SIZE                   
20000200  __STACK_TOP                    
000006f8  __TI_CINIT_Base                
00000708  __TI_CINIT_Limit               
000006e4  __TI_Handler_Table_Base        
000006f0  __TI_Handler_Table_Limit       
000004a9  __TI_auto_init                 
20000200  __TI_cleanup_ptr               
00000519  __TI_decompress_lzss           
000006a1  __TI_decompress_none           
20000204  __TI_dtors_ptr                 
20000208  __TI_enable_exit_profile_output
ffffffff  __TI_pprof_out_hndl            
ffffffff  __TI_prof_data_size            
ffffffff  __TI_prof_data_start           
00000000  __TI_static_base__             
000006af  __TI_zero_init                 
0000042d  __aeabi_memclr                 
0000042d  __aeabi_memclr4                
0000042d  __aeabi_memclr8                
00000391  __aeabi_memcpy                 
00000391  __aeabi_memcpy4                
00000391  __aeabi_memcpy8                
0000042f  __aeabi_memset                 
0000042f  __aeabi_memset4                
0000042f  __aeabi_memset8                
ffffffff  __binit__                      
ffffffff  __c_args__                     
000004a7  __mpu_init                     
20000000  __stack                        
00000675  _args_main                     
00000581  _c_int00                       
2000020c  _lock                          
0000069b  _nop                           
00000693  _register_lock                 
0000068d  _register_unlock               
000006cb  _system_post_cinit             
000006c7  _system_pre_init               
20000210  _unlock                        
000005d9  abort                          
ffffffff  binit                          
00000629  copy_in                        
00000327  delay                          
000005e1  exit                           
00000000  g_pfnVectors                   
20000218  i                              
0000026d  main                           
20000214  main_func_sp                   
00000391  memcpy                         
00000435  memset                         
2000021c  servoTimer                     


GLOBAL SYMBOLS: SORTED BY Symbol Address 

address   name                           
-------   ----                           
00000000  __TI_static_base__             
00000000  g_pfnVectors                   
00000200  __STACK_SIZE                   
0000026d  main                           
00000327  delay                          
00000391  __aeabi_memcpy                 
00000391  __aeabi_memcpy4                
00000391  __aeabi_memcpy8                
00000391  memcpy                         
0000042d  __aeabi_memclr                 
0000042d  __aeabi_memclr4                
0000042d  __aeabi_memclr8                
0000042f  __aeabi_memset                 
0000042f  __aeabi_memset4                
0000042f  __aeabi_memset8                
00000435  memset                         
000004a7  __mpu_init                     
000004a9  __TI_auto_init                 
00000519  __TI_decompress_lzss           
00000581  _c_int00                       
000005d5  C$$EXIT                        
000005d9  abort                          
000005e1  exit                           
00000629  copy_in                        
00000675  _args_main                     
0000068d  _register_unlock               
00000693  _register_lock                 
0000069b  _nop                           
000006a1  __TI_decompress_none           
000006af  __TI_zero_init                 
000006bb  ResetISR                       
000006c7  _system_pre_init               
000006cb  _system_post_cinit             
000006e4  __TI_Handler_Table_Base        
000006f0  __TI_Handler_Table_Limit       
000006f8  __TI_CINIT_Base                
00000708  __TI_CINIT_Limit               
20000000  __stack                        
20000200  __STACK_END                    
20000200  __STACK_TOP                    
20000200  __TI_cleanup_ptr               
20000204  __TI_dtors_ptr                 
20000208  __TI_enable_exit_profile_output
2000020c  _lock                          
20000210  _unlock                        
20000214  main_func_sp                   
20000218  i                              
2000021c  servoTimer                     
ffffffff  __TI_pprof_out_hndl            
ffffffff  __TI_prof_data_size            
ffffffff  __TI_prof_data_start           
ffffffff  __binit__                      
ffffffff  __c_args__                     
ffffffff  binit                          
UNDEFED   SHT$$INIT_ARRAY$$Base          
UNDEFED   SHT$$INIT_ARRAY$$Limit         

[56 symbols]
