******************************************************************************
                  TI ARM Linker PC v16.9.4                     
******************************************************************************
>> Linked Wed Apr 24 20:24:45 2024

OUTPUT FILE NAME:   <013_ToggleMotorControl.out>
ENTRY POINT SYMBOL: "_c_int00"  address: 000009bd


MEMORY CONFIGURATION

         name            origin    length      used     unused   attr    fill
----------------------  --------  ---------  --------  --------  ----  --------
  FLASH                 00000000   00040000  00000b40  0003f4c0  R  X
  SRAM                  20000000   00008000  00000224  00007ddc  RW X


SEGMENT ALLOCATION MAP

run origin  load origin   length   init length attrs members
----------  ----------- ---------- ----------- ----- -------
00000000    00000000    00000b40   00000b40    r-x
  00000000    00000000    0000026c   0000026c    r-- .intvecs
  0000026c    0000026c    0000089c   0000089c    r-x .text
  00000b08    00000b08    00000038   00000038    r-- .cinit
20000000    20000000    00000224   00000000    rw-
  20000000    20000000    00000200   00000000    rw- .stack
  20000200    20000200    00000018   00000000    rw- .data
  20000218    20000218    0000000c   00000000    rw- .bss


SECTION ALLOCATION MAP

 output                                  attributes/
section   page    origin      length       input sections
--------  ----  ----------  ----------   ----------------
.intvecs   0    00000000    0000026c     
                  00000000    0000026c     tm4c123gh6pge_startup_ccs.obj (.intvecs)

.text      0    0000026c    0000089c     
                  0000026c    00000324     main.obj (.text)
                  00000590    000001b6     rtsv7M4_T_le_v4SPD16_eabi.lib : fd_add_t2.obj (.text)
                  00000746    0000009c                                   : memcpy_t2.obj (.text)
                  000007e2    00000086                                   : fd_cmp_t2.obj (.text:__aeabi_cdcmple)
                  00000868    0000007a                                   : memset_t2.obj (.text)
                  000008e2    00000002                                   : mpu_init.obj (.text)
                  000008e4    00000070                                   : autoinit.obj (.text)
                  00000954    00000068                                   : copy_decompress_lzss.obj (.text:decompress:lzss)
                  000009bc    00000054                                   : boot.obj (.text)
                  00000a10    00000054                                   : exit.obj (.text)
                  00000a64    0000004c                                   : cpy_tbl.obj (.text)
                  00000ab0    00000018                                   : args_main.obj (.text)
                  00000ac8    00000014                                   : _lock.obj (.text)
                  00000adc    0000000e                                   : copy_decompress_none.obj (.text:decompress:none)
                  00000aea    0000000c                                   : copy_zero_init.obj (.text:decompress:ZI)
                  00000af6    0000000c     tm4c123gh6pge_startup_ccs.obj (.text)
                  00000b02    00000004     rtsv7M4_T_le_v4SPD16_eabi.lib : pre_init.obj (.text)
                  00000b06    00000002                                   : startup.obj (.text)

.cinit     0    00000b08    00000038     
                  00000b08    00000011     (.cinit..data.load) [load image, compression = lzss]
                  00000b19    00000003     --HOLE-- [fill = 0]
                  00000b1c    0000000c     (__TI_handler_table)
                  00000b28    00000008     (.cinit..bss.load) [load image, compression = zero_init]
                  00000b30    00000010     (__TI_cinit_table)

.init_array 
*          0    00000000    00000000     UNINITIALIZED

.stack     0    20000000    00000200     UNINITIALIZED
                  20000000    00000200     --HOLE--

.data      0    20000200    00000018     UNINITIALIZED
                  20000200    0000000c     rtsv7M4_T_le_v4SPD16_eabi.lib : exit.obj (.data:$O1$$)
                  2000020c    00000008                                   : _lock.obj (.data:$O1$$)
                  20000214    00000004                                   : stkdepth_vars.obj (.data)

.bss       0    20000218    0000000c     UNINITIALIZED
                  20000218    00000004     (.common:currState)
                  2000021c    00000004     (.common:oldState)
                  20000220    00000004     (.common:timeCount)

MODULE SUMMARY

       Module                          code   ro data   rw data
       ------                          ----   -------   -------
    .\
       main.obj                        804    0         12     
       tm4c123gh6pge_startup_ccs.obj   12     620       0      
    +--+-------------------------------+------+---------+---------+
       Total:                          816    620       12     
                                                               
    D:\Robocon Softwares\CCS\ccsv7\tools\compiler\ti-cgt-arm_16.9.4.LTS\lib\rtsv7M4_T_le_v4SPD16_eabi.lib
       fd_add_t2.obj                   438    0         0      
       memcpy_t2.obj                   156    0         0      
       fd_cmp_t2.obj                   134    0         0      
       memset_t2.obj                   122    0         0      
       autoinit.obj                    112    0         0      
       copy_decompress_lzss.obj        104    0         0      
       exit.obj                        84     0         12     
       boot.obj                        84     0         0      
       cpy_tbl.obj                     76     0         0      
       _lock.obj                       20     0         8      
       args_main.obj                   24     0         0      
       copy_decompress_none.obj        14     0         0      
       copy_zero_init.obj              12     0         0      
       pre_init.obj                    4      0         0      
       stkdepth_vars.obj               0      0         4      
       mpu_init.obj                    2      0         0      
       startup.obj                     2      0         0      
    +--+-------------------------------+------+---------+---------+
       Total:                          1388   0         24     
                                                               
       Stack:                          0      0         512    
       Linker Generated:               0      53        0      
    +--+-------------------------------+------+---------+---------+
       Grand Total:                    2204   673       548    


LINKER GENERATED COPY TABLES

__TI_cinit_table @ 00000b30 records: 2, size/record: 8, table size: 16
	.data: load addr=00000b08, load size=00000011 bytes, run addr=20000200, run size=00000018 bytes, compression=lzss
	.bss: load addr=00000b28, load size=00000008 bytes, run addr=20000218, run size=0000000c bytes, compression=zero_init


LINKER GENERATED HANDLER TABLE

__TI_handler_table @ 00000b1c records: 3, size/record: 4, table size: 12
	index: 0, handler: __TI_decompress_lzss
	index: 1, handler: __TI_decompress_none
	index: 2, handler: __TI_zero_init


GLOBAL SYMBOLS: SORTED ALPHABETICALLY BY Name 

address   name                           
-------   ----                           
00000a11  C$$EXIT                        
00000af7  ResetISR                       
UNDEFED   SHT$$INIT_ARRAY$$Base          
UNDEFED   SHT$$INIT_ARRAY$$Limit         
000002c1  System80Mhz                    
20000200  __STACK_END                    
00000200  __STACK_SIZE                   
20000200  __STACK_TOP                    
00000b30  __TI_CINIT_Base                
00000b40  __TI_CINIT_Limit               
00000b1c  __TI_Handler_Table_Base        
00000b28  __TI_Handler_Table_Limit       
000008e5  __TI_auto_init                 
20000200  __TI_cleanup_ptr               
00000955  __TI_decompress_lzss           
00000add  __TI_decompress_none           
20000204  __TI_dtors_ptr                 
20000208  __TI_enable_exit_profile_output
ffffffff  __TI_pprof_out_hndl            
ffffffff  __TI_prof_data_size            
ffffffff  __TI_prof_data_start           
00000000  __TI_static_base__             
00000aeb  __TI_zero_init                 
000007e3  __aeabi_cdcmpeq                
000007e3  __aeabi_cdcmple                
0000059b  __aeabi_dadd                   
00000591  __aeabi_dsub                   
00000869  __aeabi_memclr                 
00000869  __aeabi_memclr4                
00000869  __aeabi_memclr8                
00000747  __aeabi_memcpy                 
00000747  __aeabi_memcpy4                
00000747  __aeabi_memcpy8                
0000086b  __aeabi_memset                 
0000086b  __aeabi_memset4                
0000086b  __aeabi_memset8                
ffffffff  __binit__                      
ffffffff  __c_args__                     
000008e3  __mpu_init                     
20000000  __stack                        
00000ab1  _args_main                     
000009bd  _c_int00                       
2000020c  _lock                          
00000ad7  _nop                           
00000acf  _register_lock                 
00000ac9  _register_unlock               
00000b07  _system_post_cinit             
00000b03  _system_pre_init               
20000210  _unlock                        
00000a15  abort                          
ffffffff  binit                          
00000a65  copy_in                        
20000218  currState                      
0000026d  delay                          
00000a1d  exit                           
00000000  g_pfnVectors                   
000003cf  main                           
20000214  main_func_sp                   
00000747  memcpy                         
00000871  memset                         
2000021c  oldState                       
20000220  timeCount                      


GLOBAL SYMBOLS: SORTED BY Symbol Address 

address   name                           
-------   ----                           
00000000  __TI_static_base__             
00000000  g_pfnVectors                   
00000200  __STACK_SIZE                   
0000026d  delay                          
000002c1  System80Mhz                    
000003cf  main                           
00000591  __aeabi_dsub                   
0000059b  __aeabi_dadd                   
00000747  __aeabi_memcpy                 
00000747  __aeabi_memcpy4                
00000747  __aeabi_memcpy8                
00000747  memcpy                         
000007e3  __aeabi_cdcmpeq                
000007e3  __aeabi_cdcmple                
00000869  __aeabi_memclr                 
00000869  __aeabi_memclr4                
00000869  __aeabi_memclr8                
0000086b  __aeabi_memset                 
0000086b  __aeabi_memset4                
0000086b  __aeabi_memset8                
00000871  memset                         
000008e3  __mpu_init                     
000008e5  __TI_auto_init                 
00000955  __TI_decompress_lzss           
000009bd  _c_int00                       
00000a11  C$$EXIT                        
00000a15  abort                          
00000a1d  exit                           
00000a65  copy_in                        
00000ab1  _args_main                     
00000ac9  _register_unlock               
00000acf  _register_lock                 
00000ad7  _nop                           
00000add  __TI_decompress_none           
00000aeb  __TI_zero_init                 
00000af7  ResetISR                       
00000b03  _system_pre_init               
00000b07  _system_post_cinit             
00000b1c  __TI_Handler_Table_Base        
00000b28  __TI_Handler_Table_Limit       
00000b30  __TI_CINIT_Base                
00000b40  __TI_CINIT_Limit               
20000000  __stack                        
20000200  __STACK_END                    
20000200  __STACK_TOP                    
20000200  __TI_cleanup_ptr               
20000204  __TI_dtors_ptr                 
20000208  __TI_enable_exit_profile_output
2000020c  _lock                          
20000210  _unlock                        
20000214  main_func_sp                   
20000218  currState                      
2000021c  oldState                       
20000220  timeCount                      
ffffffff  __TI_pprof_out_hndl            
ffffffff  __TI_prof_data_size            
ffffffff  __TI_prof_data_start           
ffffffff  __binit__                      
ffffffff  __c_args__                     
ffffffff  binit                          
UNDEFED   SHT$$INIT_ARRAY$$Base          
UNDEFED   SHT$$INIT_ARRAY$$Limit         

[62 symbols]
