******************************************************************************
                  TI ARM Linker PC v16.9.4                     
******************************************************************************
>> Linked Sat Apr 06 14:40:44 2024

OUTPUT FILE NAME:   <009_BaumerPistonControl.out>
ENTRY POINT SYMBOL: "_c_int00"  address: 0000052d


MEMORY CONFIGURATION

         name            origin    length      used     unused   attr    fill
----------------------  --------  ---------  --------  --------  ----  --------
  FLASH                 00000000   00040000  000006b0  0003f950  R  X
  SRAM                  20000000   00008000  00000220  00007de0  RW X


SEGMENT ALLOCATION MAP

run origin  load origin   length   init length attrs members
----------  ----------- ---------- ----------- ----- -------
00000000    00000000    000006b0   000006b0    r-x
  00000000    00000000    0000026c   0000026c    r-- .intvecs
  0000026c    0000026c    0000040c   0000040c    r-x .text
  00000678    00000678    00000038   00000038    r-- .cinit
20000000    20000000    00000220   00000000    rw-
  20000000    20000000    00000200   00000000    rw- .stack
  20000200    20000200    0000001c   00000000    rw- .data
  2000021c    2000021c    00000004   00000000    rw- .bss


SECTION ALLOCATION MAP

 output                                  attributes/
section   page    origin      length       input sections
--------  ----  ----------  ----------   ----------------
.intvecs   0    00000000    0000026c     
                  00000000    0000026c     tm4c123gh6pge_startup_ccs.obj (.intvecs)

.text      0    0000026c    0000040c     
                  0000026c    000000d0     main.obj (.text)
                  0000033c    0000009c     rtsv7M4_T_le_v4SPD16_eabi.lib : memcpy_t2.obj (.text)
                  000003d8    0000007a                                   : memset_t2.obj (.text)
                  00000452    00000002                                   : mpu_init.obj (.text)
                  00000454    00000070                                   : autoinit.obj (.text)
                  000004c4    00000068                                   : copy_decompress_lzss.obj (.text:decompress:lzss)
                  0000052c    00000054                                   : boot.obj (.text)
                  00000580    00000054                                   : exit.obj (.text)
                  000005d4    0000004c                                   : cpy_tbl.obj (.text)
                  00000620    00000018                                   : args_main.obj (.text)
                  00000638    00000014                                   : _lock.obj (.text)
                  0000064c    0000000e                                   : copy_decompress_none.obj (.text:decompress:none)
                  0000065a    0000000c                                   : copy_zero_init.obj (.text:decompress:ZI)
                  00000666    0000000c     tm4c123gh6pge_startup_ccs.obj (.text)
                  00000672    00000004     rtsv7M4_T_le_v4SPD16_eabi.lib : pre_init.obj (.text)
                  00000676    00000002                                   : startup.obj (.text)

.cinit     0    00000678    00000038     
                  00000678    00000011     (.cinit..data.load) [load image, compression = lzss]
                  00000689    00000003     --HOLE-- [fill = 0]
                  0000068c    0000000c     (__TI_handler_table)
                  00000698    00000008     (.cinit..bss.load) [load image, compression = zero_init]
                  000006a0    00000010     (__TI_cinit_table)

.init_array 
*          0    00000000    00000000     UNINITIALIZED

.stack     0    20000000    00000200     UNINITIALIZED
                  20000000    00000200     --HOLE--

.data      0    20000200    0000001c     UNINITIALIZED
                  20000200    0000000c     rtsv7M4_T_le_v4SPD16_eabi.lib : exit.obj (.data:$O1$$)
                  2000020c    00000008                                   : _lock.obj (.data:$O1$$)
                  20000214    00000004     main.obj (.data)
                  20000218    00000004     rtsv7M4_T_le_v4SPD16_eabi.lib : stkdepth_vars.obj (.data)

.bss       0    2000021c    00000004     UNINITIALIZED
                  2000021c    00000004     (.common:timer)

MODULE SUMMARY

       Module                          code   ro data   rw data
       ------                          ----   -------   -------
    .\
       tm4c123gh6pge_startup_ccs.obj   12     620       0      
       main.obj                        208    0         8      
    +--+-------------------------------+------+---------+---------+
       Total:                          220    620       8      
                                                               
    D:\Robocon Softwares\CCS\ccsv7\tools\compiler\ti-cgt-arm_16.9.4.LTS\lib\rtsv7M4_T_le_v4SPD16_eabi.lib
       memcpy_t2.obj                   156    0         0      
       memset_t2.obj                   122    0         0      
       autoinit.obj                    112    0         0      
       copy_decompress_lzss.obj        104    0         0      
       exit.obj                        84     0         12     
       boot.obj                        84     0         0      
       cpy_tbl.obj                     76     0         0      
       _lock.obj                       20     0         8      
       args_main.obj                   24     0         0      
       copy_decompress_none.obj        14     0         0      
       copy_zero_init.obj              12     0         0      
       pre_init.obj                    4      0         0      
       stkdepth_vars.obj               0      0         4      
       mpu_init.obj                    2      0         0      
       startup.obj                     2      0         0      
    +--+-------------------------------+------+---------+---------+
       Total:                          816    0         24     
                                                               
       Stack:                          0      0         512    
       Linker Generated:               0      53        0      
    +--+-------------------------------+------+---------+---------+
       Grand Total:                    1036   673       544    


LINKER GENERATED COPY TABLES

__TI_cinit_table @ 000006a0 records: 2, size/record: 8, table size: 16
	.data: load addr=00000678, load size=00000011 bytes, run addr=20000200, run size=0000001c bytes, compression=lzss
	.bss: load addr=00000698, load size=00000008 bytes, run addr=2000021c, run size=00000004 bytes, compression=zero_init


LINKER GENERATED HANDLER TABLE

__TI_handler_table @ 0000068c records: 3, size/record: 4, table size: 12
	index: 0, handler: __TI_decompress_lzss
	index: 1, handler: __TI_decompress_none
	index: 2, handler: __TI_zero_init


GLOBAL SYMBOLS: SORTED ALPHABETICALLY BY Name 

address   name                           
-------   ----                           
00000581  C$$EXIT                        
00000667  ResetISR                       
UNDEFED   SHT$$INIT_ARRAY$$Base          
UNDEFED   SHT$$INIT_ARRAY$$Limit         
20000200  __STACK_END                    
00000200  __STACK_SIZE                   
20000200  __STACK_TOP                    
000006a0  __TI_CINIT_Base                
000006b0  __TI_CINIT_Limit               
0000068c  __TI_Handler_Table_Base        
00000698  __TI_Handler_Table_Limit       
00000455  __TI_auto_init                 
20000200  __TI_cleanup_ptr               
000004c5  __TI_decompress_lzss           
0000064d  __TI_decompress_none           
20000204  __TI_dtors_ptr                 
20000208  __TI_enable_exit_profile_output
ffffffff  __TI_pprof_out_hndl            
ffffffff  __TI_prof_data_size            
ffffffff  __TI_prof_data_start           
00000000  __TI_static_base__             
0000065b  __TI_zero_init                 
000003d9  __aeabi_memclr                 
000003d9  __aeabi_memclr4                
000003d9  __aeabi_memclr8                
0000033d  __aeabi_memcpy                 
0000033d  __aeabi_memcpy4                
0000033d  __aeabi_memcpy8                
000003db  __aeabi_memset                 
000003db  __aeabi_memset4                
000003db  __aeabi_memset8                
ffffffff  __binit__                      
ffffffff  __c_args__                     
00000453  __mpu_init                     
20000000  __stack                        
00000621  _args_main                     
0000052d  _c_int00                       
2000020c  _lock                          
00000647  _nop                           
0000063f  _register_lock                 
00000639  _register_unlock               
00000677  _system_post_cinit             
00000673  _system_pre_init               
20000210  _unlock                        
00000585  abort                          
ffffffff  binit                          
000005d5  copy_in                        
20000214  counter                        
000002ed  delay                          
0000058d  exit                           
00000000  g_pfnVectors                   
0000026d  main                           
20000218  main_func_sp                   
0000033d  memcpy                         
000003e1  memset                         
2000021c  timer                          


GLOBAL SYMBOLS: SORTED BY Symbol Address 

address   name                           
-------   ----                           
00000000  __TI_static_base__             
00000000  g_pfnVectors                   
00000200  __STACK_SIZE                   
0000026d  main                           
000002ed  delay                          
0000033d  __aeabi_memcpy                 
0000033d  __aeabi_memcpy4                
0000033d  __aeabi_memcpy8                
0000033d  memcpy                         
000003d9  __aeabi_memclr                 
000003d9  __aeabi_memclr4                
000003d9  __aeabi_memclr8                
000003db  __aeabi_memset                 
000003db  __aeabi_memset4                
000003db  __aeabi_memset8                
000003e1  memset                         
00000453  __mpu_init                     
00000455  __TI_auto_init                 
000004c5  __TI_decompress_lzss           
0000052d  _c_int00                       
00000581  C$$EXIT                        
00000585  abort                          
0000058d  exit                           
000005d5  copy_in                        
00000621  _args_main                     
00000639  _register_unlock               
0000063f  _register_lock                 
00000647  _nop                           
0000064d  __TI_decompress_none           
0000065b  __TI_zero_init                 
00000667  ResetISR                       
00000673  _system_pre_init               
00000677  _system_post_cinit             
0000068c  __TI_Handler_Table_Base        
00000698  __TI_Handler_Table_Limit       
000006a0  __TI_CINIT_Base                
000006b0  __TI_CINIT_Limit               
20000000  __stack                        
20000200  __STACK_END                    
20000200  __STACK_TOP                    
20000200  __TI_cleanup_ptr               
20000204  __TI_dtors_ptr                 
20000208  __TI_enable_exit_profile_output
2000020c  _lock                          
20000210  _unlock                        
20000214  counter                        
20000218  main_func_sp                   
2000021c  timer                          
ffffffff  __TI_pprof_out_hndl            
ffffffff  __TI_prof_data_size            
ffffffff  __TI_prof_data_start           
ffffffff  __binit__                      
ffffffff  __c_args__                     
ffffffff  binit                          
UNDEFED   SHT$$INIT_ARRAY$$Base          
UNDEFED   SHT$$INIT_ARRAY$$Limit         

[56 symbols]
