******************************************************************************
                  TI ARM Linker PC v16.9.4                     
******************************************************************************
>> Linked Sat Mar 23 22:13:36 2024

OUTPUT FILE NAME:   <007_HitSwitchToggle.out>
ENTRY POINT SYMBOL: "_c_int00"  address: 00000551


MEMORY CONFIGURATION

         name            origin    length      used     unused   attr    fill
----------------------  --------  ---------  --------  --------  ----  --------
  FLASH                 00000000   00040000  000006d4  0003f92c  R  X
  SRAM                  20000000   00008000  00000228  00007dd8  RW X


SEGMENT ALLOCATION MAP

run origin  load origin   length   init length attrs members
----------  ----------- ---------- ----------- ----- -------
00000000    00000000    000006d8   000006d8    r-x
  00000000    00000000    0000026c   0000026c    r-- .intvecs
  0000026c    0000026c    00000430   00000430    r-x .text
  000006a0    000006a0    00000038   00000038    r-- .cinit
20000000    20000000    00000228   00000000    rw-
  20000000    20000000    00000200   00000000    rw- .stack
  20000200    20000200    00000018   00000000    rw- .data
  20000218    20000218    00000010   00000000    rw- .bss


SECTION ALLOCATION MAP

 output                                  attributes/
section   page    origin      length       input sections
--------  ----  ----------  ----------   ----------------
.intvecs   0    00000000    0000026c     
                  00000000    0000026c     tm4c123gh6pge_startup_ccs.obj (.intvecs)

.text      0    0000026c    00000430     
                  0000026c    000000f4     main.obj (.text)
                  00000360    0000009c     rtsv7M4_T_le_v4SPD16_eabi.lib : memcpy_t2.obj (.text)
                  000003fc    0000007a                                   : memset_t2.obj (.text)
                  00000476    00000002                                   : mpu_init.obj (.text)
                  00000478    00000070                                   : autoinit.obj (.text)
                  000004e8    00000068                                   : copy_decompress_lzss.obj (.text:decompress:lzss)
                  00000550    00000054                                   : boot.obj (.text)
                  000005a4    00000054                                   : exit.obj (.text)
                  000005f8    0000004c                                   : cpy_tbl.obj (.text)
                  00000644    00000018                                   : args_main.obj (.text)
                  0000065c    00000014                                   : _lock.obj (.text)
                  00000670    0000000e                                   : copy_decompress_none.obj (.text:decompress:none)
                  0000067e    0000000c                                   : copy_zero_init.obj (.text:decompress:ZI)
                  0000068a    0000000c     tm4c123gh6pge_startup_ccs.obj (.text)
                  00000696    00000004     rtsv7M4_T_le_v4SPD16_eabi.lib : pre_init.obj (.text)
                  0000069a    00000002                                   : startup.obj (.text)

.cinit     0    000006a0    00000038     
                  000006a0    00000011     (.cinit..data.load) [load image, compression = lzss]
                  000006b1    00000003     --HOLE-- [fill = 0]
                  000006b4    0000000c     (__TI_handler_table)
                  000006c0    00000008     (.cinit..bss.load) [load image, compression = zero_init]
                  000006c8    00000010     (__TI_cinit_table)

.init_array 
*          0    00000000    00000000     UNINITIALIZED

.stack     0    20000000    00000200     UNINITIALIZED
                  20000000    00000200     --HOLE--

.data      0    20000200    00000018     UNINITIALIZED
                  20000200    0000000c     rtsv7M4_T_le_v4SPD16_eabi.lib : exit.obj (.data:$O1$$)
                  2000020c    00000008                                   : _lock.obj (.data:$O1$$)
                  20000214    00000004                                   : stkdepth_vars.obj (.data)

.bss       0    20000218    00000010     UNINITIALIZED
                  20000218    00000004     (.common:regNew)
                  2000021c    00000004     (.common:regOld)
                  20000220    00000004     (.common:state)
                  20000224    00000004     (.common:timer)

MODULE SUMMARY

       Module                          code   ro data   rw data
       ------                          ----   -------   -------
    .\
       tm4c123gh6pge_startup_ccs.obj   12     620       0      
       main.obj                        244    0         16     
    +--+-------------------------------+------+---------+---------+
       Total:                          256    620       16     
                                                               
    D:\Robocon Softwares\CCS\ccsv7\tools\compiler\ti-cgt-arm_16.9.4.LTS\lib\rtsv7M4_T_le_v4SPD16_eabi.lib
       memcpy_t2.obj                   156    0         0      
       memset_t2.obj                   122    0         0      
       autoinit.obj                    112    0         0      
       copy_decompress_lzss.obj        104    0         0      
       exit.obj                        84     0         12     
       boot.obj                        84     0         0      
       cpy_tbl.obj                     76     0         0      
       _lock.obj                       20     0         8      
       args_main.obj                   24     0         0      
       copy_decompress_none.obj        14     0         0      
       copy_zero_init.obj              12     0         0      
       pre_init.obj                    4      0         0      
       stkdepth_vars.obj               0      0         4      
       mpu_init.obj                    2      0         0      
       startup.obj                     2      0         0      
    +--+-------------------------------+------+---------+---------+
       Total:                          816    0         24     
                                                               
       Stack:                          0      0         512    
       Linker Generated:               0      53        0      
    +--+-------------------------------+------+---------+---------+
       Grand Total:                    1072   673       552    


LINKER GENERATED COPY TABLES

__TI_cinit_table @ 000006c8 records: 2, size/record: 8, table size: 16
	.data: load addr=000006a0, load size=00000011 bytes, run addr=20000200, run size=00000018 bytes, compression=lzss
	.bss: load addr=000006c0, load size=00000008 bytes, run addr=20000218, run size=00000010 bytes, compression=zero_init


LINKER GENERATED HANDLER TABLE

__TI_handler_table @ 000006b4 records: 3, size/record: 4, table size: 12
	index: 0, handler: __TI_decompress_lzss
	index: 1, handler: __TI_decompress_none
	index: 2, handler: __TI_zero_init


GLOBAL SYMBOLS: SORTED ALPHABETICALLY BY Name 

address   name                           
-------   ----                           
000005a5  C$$EXIT                        
0000068b  ResetISR                       
UNDEFED   SHT$$INIT_ARRAY$$Base          
UNDEFED   SHT$$INIT_ARRAY$$Limit         
20000200  __STACK_END                    
00000200  __STACK_SIZE                   
20000200  __STACK_TOP                    
000006c8  __TI_CINIT_Base                
000006d8  __TI_CINIT_Limit               
000006b4  __TI_Handler_Table_Base        
000006c0  __TI_Handler_Table_Limit       
00000479  __TI_auto_init                 
20000200  __TI_cleanup_ptr               
000004e9  __TI_decompress_lzss           
00000671  __TI_decompress_none           
20000204  __TI_dtors_ptr                 
20000208  __TI_enable_exit_profile_output
ffffffff  __TI_pprof_out_hndl            
ffffffff  __TI_prof_data_size            
ffffffff  __TI_prof_data_start           
00000000  __TI_static_base__             
0000067f  __TI_zero_init                 
000003fd  __aeabi_memclr                 
000003fd  __aeabi_memclr4                
000003fd  __aeabi_memclr8                
00000361  __aeabi_memcpy                 
00000361  __aeabi_memcpy4                
00000361  __aeabi_memcpy8                
000003ff  __aeabi_memset                 
000003ff  __aeabi_memset4                
000003ff  __aeabi_memset8                
ffffffff  __binit__                      
ffffffff  __c_args__                     
00000477  __mpu_init                     
20000000  __stack                        
00000645  _args_main                     
00000551  _c_int00                       
2000020c  _lock                          
0000066b  _nop                           
00000663  _register_lock                 
0000065d  _register_unlock               
0000069b  _system_post_cinit             
00000697  _system_pre_init               
20000210  _unlock                        
000005a9  abort                          
ffffffff  binit                          
000005f9  copy_in                        
00000311  delay                          
000005b1  exit                           
00000000  g_pfnVectors                   
0000026d  main                           
20000214  main_func_sp                   
00000361  memcpy                         
00000405  memset                         
20000218  regNew                         
2000021c  regOld                         
20000220  state                          
20000224  timer                          


GLOBAL SYMBOLS: SORTED BY Symbol Address 

address   name                           
-------   ----                           
00000000  __TI_static_base__             
00000000  g_pfnVectors                   
00000200  __STACK_SIZE                   
0000026d  main                           
00000311  delay                          
00000361  __aeabi_memcpy                 
00000361  __aeabi_memcpy4                
00000361  __aeabi_memcpy8                
00000361  memcpy                         
000003fd  __aeabi_memclr                 
000003fd  __aeabi_memclr4                
000003fd  __aeabi_memclr8                
000003ff  __aeabi_memset                 
000003ff  __aeabi_memset4                
000003ff  __aeabi_memset8                
00000405  memset                         
00000477  __mpu_init                     
00000479  __TI_auto_init                 
000004e9  __TI_decompress_lzss           
00000551  _c_int00                       
000005a5  C$$EXIT                        
000005a9  abort                          
000005b1  exit                           
000005f9  copy_in                        
00000645  _args_main                     
0000065d  _register_unlock               
00000663  _register_lock                 
0000066b  _nop                           
00000671  __TI_decompress_none           
0000067f  __TI_zero_init                 
0000068b  ResetISR                       
00000697  _system_pre_init               
0000069b  _system_post_cinit             
000006b4  __TI_Handler_Table_Base        
000006c0  __TI_Handler_Table_Limit       
000006c8  __TI_CINIT_Base                
000006d8  __TI_CINIT_Limit               
20000000  __stack                        
20000200  __STACK_END                    
20000200  __STACK_TOP                    
20000200  __TI_cleanup_ptr               
20000204  __TI_dtors_ptr                 
20000208  __TI_enable_exit_profile_output
2000020c  _lock                          
20000210  _unlock                        
20000214  main_func_sp                   
20000218  regNew                         
2000021c  regOld                         
20000220  state                          
20000224  timer                          
ffffffff  __TI_pprof_out_hndl            
ffffffff  __TI_prof_data_size            
ffffffff  __TI_prof_data_start           
ffffffff  __binit__                      
ffffffff  __c_args__                     
ffffffff  binit                          
UNDEFED   SHT$$INIT_ARRAY$$Base          
UNDEFED   SHT$$INIT_ARRAY$$Limit         

[58 symbols]
