******************************************************************************
                  TI ARM Linker PC v16.9.4                     
******************************************************************************
>> Linked Thu Mar 21 17:43:21 2024

OUTPUT FILE NAME:   <001_LedON.out>
ENTRY POINT SYMBOL: "_c_int00"  address: 000004e1


MEMORY CONFIGURATION

         name            origin    length      used     unused   attr    fill
----------------------  --------  ---------  --------  --------  ----  --------
  FLASH                 00000000   00040000  00000664  0003f99c  R  X
  SRAM                  20000000   00008000  0000021c  00007de4  RW X


SEGMENT ALLOCATION MAP

run origin  load origin   length   init length attrs members
----------  ----------- ---------- ----------- ----- -------
00000000    00000000    00000668   00000668    r-x
  00000000    00000000    0000026c   0000026c    r-- .intvecs
  0000026c    0000026c    000003c0   000003c0    r-x .text
  00000630    00000630    00000038   00000038    r-- .cinit
20000000    20000000    0000021c   00000000    rw-
  20000000    20000000    00000200   00000000    rw- .stack
  20000200    20000200    00000018   00000000    rw- .data
  20000218    20000218    00000004   00000000    rw- .bss


SECTION ALLOCATION MAP

 output                                  attributes/
section   page    origin      length       input sections
--------  ----  ----------  ----------   ----------------
.intvecs   0    00000000    0000026c     
                  00000000    0000026c     tm4c123gh6pge_startup_ccs.obj (.intvecs)

.text      0    0000026c    000003c0     
                  0000026c    0000009c     rtsv7M4_T_le_v4SPD16_eabi.lib : memcpy_t2.obj (.text)
                  00000308    00000084     main.obj (.text)
                  0000038c    0000007a     rtsv7M4_T_le_v4SPD16_eabi.lib : memset_t2.obj (.text)
                  00000406    00000002                                   : mpu_init.obj (.text)
                  00000408    00000070                                   : autoinit.obj (.text)
                  00000478    00000068                                   : copy_decompress_lzss.obj (.text:decompress:lzss)
                  000004e0    00000054                                   : boot.obj (.text)
                  00000534    00000054                                   : exit.obj (.text)
                  00000588    0000004c                                   : cpy_tbl.obj (.text)
                  000005d4    00000018                                   : args_main.obj (.text)
                  000005ec    00000014                                   : _lock.obj (.text)
                  00000600    0000000e                                   : copy_decompress_none.obj (.text:decompress:none)
                  0000060e    0000000c                                   : copy_zero_init.obj (.text:decompress:ZI)
                  0000061a    0000000c     tm4c123gh6pge_startup_ccs.obj (.text)
                  00000626    00000004     rtsv7M4_T_le_v4SPD16_eabi.lib : pre_init.obj (.text)
                  0000062a    00000002                                   : startup.obj (.text)

.cinit     0    00000630    00000038     
                  00000630    00000011     (.cinit..data.load) [load image, compression = lzss]
                  00000641    00000003     --HOLE-- [fill = 0]
                  00000644    0000000c     (__TI_handler_table)
                  00000650    00000008     (.cinit..bss.load) [load image, compression = zero_init]
                  00000658    00000010     (__TI_cinit_table)

.init_array 
*          0    00000000    00000000     UNINITIALIZED

.stack     0    20000000    00000200     UNINITIALIZED
                  20000000    00000200     --HOLE--

.data      0    20000200    00000018     UNINITIALIZED
                  20000200    0000000c     rtsv7M4_T_le_v4SPD16_eabi.lib : exit.obj (.data:$O1$$)
                  2000020c    00000008                                   : _lock.obj (.data:$O1$$)
                  20000214    00000004                                   : stkdepth_vars.obj (.data)

.bss       0    20000218    00000004     UNINITIALIZED
                  20000218    00000004     (.common:i)

MODULE SUMMARY

       Module                          code   ro data   rw data
       ------                          ----   -------   -------
    .\
       tm4c123gh6pge_startup_ccs.obj   12     620       0      
       main.obj                        132    0         4      
    +--+-------------------------------+------+---------+---------+
       Total:                          144    620       4      
                                                               
    D:\Robocon Softwares\CCS\ccsv7\tools\compiler\ti-cgt-arm_16.9.4.LTS\lib\rtsv7M4_T_le_v4SPD16_eabi.lib
       memcpy_t2.obj                   156    0         0      
       memset_t2.obj                   122    0         0      
       autoinit.obj                    112    0         0      
       copy_decompress_lzss.obj        104    0         0      
       exit.obj                        84     0         12     
       boot.obj                        84     0         0      
       cpy_tbl.obj                     76     0         0      
       _lock.obj                       20     0         8      
       args_main.obj                   24     0         0      
       copy_decompress_none.obj        14     0         0      
       copy_zero_init.obj              12     0         0      
       pre_init.obj                    4      0         0      
       stkdepth_vars.obj               0      0         4      
       mpu_init.obj                    2      0         0      
       startup.obj                     2      0         0      
    +--+-------------------------------+------+---------+---------+
       Total:                          816    0         24     
                                                               
       Stack:                          0      0         512    
       Linker Generated:               0      53        0      
    +--+-------------------------------+------+---------+---------+
       Grand Total:                    960    673       540    


LINKER GENERATED COPY TABLES

__TI_cinit_table @ 00000658 records: 2, size/record: 8, table size: 16
	.data: load addr=00000630, load size=00000011 bytes, run addr=20000200, run size=00000018 bytes, compression=lzss
	.bss: load addr=00000650, load size=00000008 bytes, run addr=20000218, run size=00000004 bytes, compression=zero_init


LINKER GENERATED HANDLER TABLE

__TI_handler_table @ 00000644 records: 3, size/record: 4, table size: 12
	index: 0, handler: __TI_decompress_lzss
	index: 1, handler: __TI_decompress_none
	index: 2, handler: __TI_zero_init


GLOBAL SYMBOLS: SORTED ALPHABETICALLY BY Name 

address   name                           
-------   ----                           
00000535  C$$EXIT                        
0000061b  ResetISR                       
UNDEFED   SHT$$INIT_ARRAY$$Base          
UNDEFED   SHT$$INIT_ARRAY$$Limit         
20000200  __STACK_END                    
00000200  __STACK_SIZE                   
20000200  __STACK_TOP                    
00000658  __TI_CINIT_Base                
00000668  __TI_CINIT_Limit               
00000644  __TI_Handler_Table_Base        
00000650  __TI_Handler_Table_Limit       
00000409  __TI_auto_init                 
20000200  __TI_cleanup_ptr               
00000479  __TI_decompress_lzss           
00000601  __TI_decompress_none           
20000204  __TI_dtors_ptr                 
20000208  __TI_enable_exit_profile_output
ffffffff  __TI_pprof_out_hndl            
ffffffff  __TI_prof_data_size            
ffffffff  __TI_prof_data_start           
00000000  __TI_static_base__             
0000060f  __TI_zero_init                 
0000038d  __aeabi_memclr                 
0000038d  __aeabi_memclr4                
0000038d  __aeabi_memclr8                
0000026d  __aeabi_memcpy                 
0000026d  __aeabi_memcpy4                
0000026d  __aeabi_memcpy8                
0000038f  __aeabi_memset                 
0000038f  __aeabi_memset4                
0000038f  __aeabi_memset8                
ffffffff  __binit__                      
ffffffff  __c_args__                     
00000407  __mpu_init                     
20000000  __stack                        
000005d5  _args_main                     
000004e1  _c_int00                       
2000020c  _lock                          
000005fb  _nop                           
000005f3  _register_lock                 
000005ed  _register_unlock               
0000062b  _system_post_cinit             
00000627  _system_pre_init               
20000210  _unlock                        
00000539  abort                          
ffffffff  binit                          
00000589  copy_in                        
00000349  delay                          
00000541  exit                           
00000000  g_pfnVectors                   
20000218  i                              
00000309  main                           
20000214  main_func_sp                   
0000026d  memcpy                         
00000395  memset                         


GLOBAL SYMBOLS: SORTED BY Symbol Address 

address   name                           
-------   ----                           
00000000  __TI_static_base__             
00000000  g_pfnVectors                   
00000200  __STACK_SIZE                   
0000026d  __aeabi_memcpy                 
0000026d  __aeabi_memcpy4                
0000026d  __aeabi_memcpy8                
0000026d  memcpy                         
00000309  main                           
00000349  delay                          
0000038d  __aeabi_memclr                 
0000038d  __aeabi_memclr4                
0000038d  __aeabi_memclr8                
0000038f  __aeabi_memset                 
0000038f  __aeabi_memset4                
0000038f  __aeabi_memset8                
00000395  memset                         
00000407  __mpu_init                     
00000409  __TI_auto_init                 
00000479  __TI_decompress_lzss           
000004e1  _c_int00                       
00000535  C$$EXIT                        
00000539  abort                          
00000541  exit                           
00000589  copy_in                        
000005d5  _args_main                     
000005ed  _register_unlock               
000005f3  _register_lock                 
000005fb  _nop                           
00000601  __TI_decompress_none           
0000060f  __TI_zero_init                 
0000061b  ResetISR                       
00000627  _system_pre_init               
0000062b  _system_post_cinit             
00000644  __TI_Handler_Table_Base        
00000650  __TI_Handler_Table_Limit       
00000658  __TI_CINIT_Base                
00000668  __TI_CINIT_Limit               
20000000  __stack                        
20000200  __STACK_END                    
20000200  __STACK_TOP                    
20000200  __TI_cleanup_ptr               
20000204  __TI_dtors_ptr                 
20000208  __TI_enable_exit_profile_output
2000020c  _lock                          
20000210  _unlock                        
20000214  main_func_sp                   
20000218  i                              
ffffffff  __TI_pprof_out_hndl            
ffffffff  __TI_prof_data_size            
ffffffff  __TI_prof_data_start           
ffffffff  __binit__                      
ffffffff  __c_args__                     
ffffffff  binit                          
UNDEFED   SHT$$INIT_ARRAY$$Base          
UNDEFED   SHT$$INIT_ARRAY$$Limit         

[55 symbols]
