******************************************************************************
                  TI ARM Linker PC v16.9.4                     
******************************************************************************
>> Linked Fri Mar 22 21:01:31 2024

OUTPUT FILE NAME:   <004_LedCrossPattern.out>
ENTRY POINT SYMBOL: "_c_int00"  address: 00000559


MEMORY CONFIGURATION

         name            origin    length      used     unused   attr    fill
----------------------  --------  ---------  --------  --------  ----  --------
  FLASH                 00000000   00040000  000006dc  0003f924  R  X
  SRAM                  20000000   00008000  00000228  00007dd8  RW X


SEGMENT ALLOCATION MAP

run origin  load origin   length   init length attrs members
----------  ----------- ---------- ----------- ----- -------
00000000    00000000    000006e0   000006e0    r-x
  00000000    00000000    0000026c   0000026c    r-- .intvecs
  0000026c    0000026c    00000438   00000438    r-x .text
  000006a8    000006a8    00000038   00000038    r-- .cinit
20000000    20000000    00000228   00000000    rw-
  20000000    20000000    00000200   00000000    rw- .stack
  20000200    20000200    00000018   00000000    rw- .data
  20000218    20000218    00000010   00000000    rw- .bss


SECTION ALLOCATION MAP

 output                                  attributes/
section   page    origin      length       input sections
--------  ----  ----------  ----------   ----------------
.intvecs   0    00000000    0000026c     
                  00000000    0000026c     tm4c123gh6pge_startup_ccs.obj (.intvecs)

.text      0    0000026c    00000438     
                  0000026c    000000fc     main.obj (.text)
                  00000368    0000009c     rtsv7M4_T_le_v4SPD16_eabi.lib : memcpy_t2.obj (.text)
                  00000404    0000007a                                   : memset_t2.obj (.text)
                  0000047e    00000002                                   : mpu_init.obj (.text)
                  00000480    00000070                                   : autoinit.obj (.text)
                  000004f0    00000068                                   : copy_decompress_lzss.obj (.text:decompress:lzss)
                  00000558    00000054                                   : boot.obj (.text)
                  000005ac    00000054                                   : exit.obj (.text)
                  00000600    0000004c                                   : cpy_tbl.obj (.text)
                  0000064c    00000018                                   : args_main.obj (.text)
                  00000664    00000014                                   : _lock.obj (.text)
                  00000678    0000000e                                   : copy_decompress_none.obj (.text:decompress:none)
                  00000686    0000000c                                   : copy_zero_init.obj (.text:decompress:ZI)
                  00000692    0000000c     tm4c123gh6pge_startup_ccs.obj (.text)
                  0000069e    00000004     rtsv7M4_T_le_v4SPD16_eabi.lib : pre_init.obj (.text)
                  000006a2    00000002                                   : startup.obj (.text)

.cinit     0    000006a8    00000038     
                  000006a8    00000011     (.cinit..data.load) [load image, compression = lzss]
                  000006b9    00000003     --HOLE-- [fill = 0]
                  000006bc    0000000c     (__TI_handler_table)
                  000006c8    00000008     (.cinit..bss.load) [load image, compression = zero_init]
                  000006d0    00000010     (__TI_cinit_table)

.init_array 
*          0    00000000    00000000     UNINITIALIZED

.stack     0    20000000    00000200     UNINITIALIZED
                  20000000    00000200     --HOLE--

.data      0    20000200    00000018     UNINITIALIZED
                  20000200    0000000c     rtsv7M4_T_le_v4SPD16_eabi.lib : exit.obj (.data:$O1$$)
                  2000020c    00000008                                   : _lock.obj (.data:$O1$$)
                  20000214    00000004                                   : stkdepth_vars.obj (.data)

.bss       0    20000218    00000010     UNINITIALIZED
                  20000218    00000004     (.common:i)
                  2000021c    00000004     (.common:midleft)
                  20000220    00000004     (.common:midright)
                  20000224    00000004     (.common:timer)

MODULE SUMMARY

       Module                          code   ro data   rw data
       ------                          ----   -------   -------
    .\
       tm4c123gh6pge_startup_ccs.obj   12     620       0      
       main.obj                        252    0         16     
    +--+-------------------------------+------+---------+---------+
       Total:                          264    620       16     
                                                               
    D:\Robocon Softwares\CCS\ccsv7\tools\compiler\ti-cgt-arm_16.9.4.LTS\lib\rtsv7M4_T_le_v4SPD16_eabi.lib
       memcpy_t2.obj                   156    0         0      
       memset_t2.obj                   122    0         0      
       autoinit.obj                    112    0         0      
       copy_decompress_lzss.obj        104    0         0      
       exit.obj                        84     0         12     
       boot.obj                        84     0         0      
       cpy_tbl.obj                     76     0         0      
       _lock.obj                       20     0         8      
       args_main.obj                   24     0         0      
       copy_decompress_none.obj        14     0         0      
       copy_zero_init.obj              12     0         0      
       pre_init.obj                    4      0         0      
       stkdepth_vars.obj               0      0         4      
       mpu_init.obj                    2      0         0      
       startup.obj                     2      0         0      
    +--+-------------------------------+------+---------+---------+
       Total:                          816    0         24     
                                                               
       Stack:                          0      0         512    
       Linker Generated:               0      53        0      
    +--+-------------------------------+------+---------+---------+
       Grand Total:                    1080   673       552    


LINKER GENERATED COPY TABLES

__TI_cinit_table @ 000006d0 records: 2, size/record: 8, table size: 16
	.data: load addr=000006a8, load size=00000011 bytes, run addr=20000200, run size=00000018 bytes, compression=lzss
	.bss: load addr=000006c8, load size=00000008 bytes, run addr=20000218, run size=00000010 bytes, compression=zero_init


LINKER GENERATED HANDLER TABLE

__TI_handler_table @ 000006bc records: 3, size/record: 4, table size: 12
	index: 0, handler: __TI_decompress_lzss
	index: 1, handler: __TI_decompress_none
	index: 2, handler: __TI_zero_init


GLOBAL SYMBOLS: SORTED ALPHABETICALLY BY Name 

address   name                           
-------   ----                           
000005ad  C$$EXIT                        
00000693  ResetISR                       
UNDEFED   SHT$$INIT_ARRAY$$Base          
UNDEFED   SHT$$INIT_ARRAY$$Limit         
20000200  __STACK_END                    
00000200  __STACK_SIZE                   
20000200  __STACK_TOP                    
000006d0  __TI_CINIT_Base                
000006e0  __TI_CINIT_Limit               
000006bc  __TI_Handler_Table_Base        
000006c8  __TI_Handler_Table_Limit       
00000481  __TI_auto_init                 
20000200  __TI_cleanup_ptr               
000004f1  __TI_decompress_lzss           
00000679  __TI_decompress_none           
20000204  __TI_dtors_ptr                 
20000208  __TI_enable_exit_profile_output
ffffffff  __TI_pprof_out_hndl            
ffffffff  __TI_prof_data_size            
ffffffff  __TI_prof_data_start           
00000000  __TI_static_base__             
00000687  __TI_zero_init                 
00000405  __aeabi_memclr                 
00000405  __aeabi_memclr4                
00000405  __aeabi_memclr8                
00000369  __aeabi_memcpy                 
00000369  __aeabi_memcpy4                
00000369  __aeabi_memcpy8                
00000407  __aeabi_memset                 
00000407  __aeabi_memset4                
00000407  __aeabi_memset8                
ffffffff  __binit__                      
ffffffff  __c_args__                     
0000047f  __mpu_init                     
20000000  __stack                        
0000064d  _args_main                     
00000559  _c_int00                       
2000020c  _lock                          
00000673  _nop                           
0000066b  _register_lock                 
00000665  _register_unlock               
000006a3  _system_post_cinit             
0000069f  _system_pre_init               
20000210  _unlock                        
000005b1  abort                          
ffffffff  binit                          
00000601  copy_in                        
00000317  delay                          
000005b9  exit                           
00000000  g_pfnVectors                   
20000218  i                              
0000026d  main                           
20000214  main_func_sp                   
00000369  memcpy                         
0000040d  memset                         
2000021c  midleft                        
20000220  midright                       
20000224  timer                          


GLOBAL SYMBOLS: SORTED BY Symbol Address 

address   name                           
-------   ----                           
00000000  __TI_static_base__             
00000000  g_pfnVectors                   
00000200  __STACK_SIZE                   
0000026d  main                           
00000317  delay                          
00000369  __aeabi_memcpy                 
00000369  __aeabi_memcpy4                
00000369  __aeabi_memcpy8                
00000369  memcpy                         
00000405  __aeabi_memclr                 
00000405  __aeabi_memclr4                
00000405  __aeabi_memclr8                
00000407  __aeabi_memset                 
00000407  __aeabi_memset4                
00000407  __aeabi_memset8                
0000040d  memset                         
0000047f  __mpu_init                     
00000481  __TI_auto_init                 
000004f1  __TI_decompress_lzss           
00000559  _c_int00                       
000005ad  C$$EXIT                        
000005b1  abort                          
000005b9  exit                           
00000601  copy_in                        
0000064d  _args_main                     
00000665  _register_unlock               
0000066b  _register_lock                 
00000673  _nop                           
00000679  __TI_decompress_none           
00000687  __TI_zero_init                 
00000693  ResetISR                       
0000069f  _system_pre_init               
000006a3  _system_post_cinit             
000006bc  __TI_Handler_Table_Base        
000006c8  __TI_Handler_Table_Limit       
000006d0  __TI_CINIT_Base                
000006e0  __TI_CINIT_Limit               
20000000  __stack                        
20000200  __STACK_END                    
20000200  __STACK_TOP                    
20000200  __TI_cleanup_ptr               
20000204  __TI_dtors_ptr                 
20000208  __TI_enable_exit_profile_output
2000020c  _lock                          
20000210  _unlock                        
20000214  main_func_sp                   
20000218  i                              
2000021c  midleft                        
20000220  midright                       
20000224  timer                          
ffffffff  __TI_pprof_out_hndl            
ffffffff  __TI_prof_data_size            
ffffffff  __TI_prof_data_start           
ffffffff  __binit__                      
ffffffff  __c_args__                     
ffffffff  binit                          
UNDEFED   SHT$$INIT_ARRAY$$Base          
UNDEFED   SHT$$INIT_ARRAY$$Limit         

[58 symbols]
