******************************************************************************
                  TI ARM Linker PC v16.9.4                     
******************************************************************************
>> Linked Mon May 13 20:46:19 2024

OUTPUT FILE NAME:   <018_UartReceive.out>
ENTRY POINT SYMBOL: "_c_int00"  address: 000008f5


MEMORY CONFIGURATION

         name            origin    length      used     unused   attr    fill
----------------------  --------  ---------  --------  --------  ----  --------
  FLASH                 00000000   00040000  00000a78  0003f588  R  X
  SRAM                  20000000   00008000  0000021c  00007de4  RW X


SEGMENT ALLOCATION MAP

run origin  load origin   length   init length attrs members
----------  ----------- ---------- ----------- ----- -------
00000000    00000000    00000a78   00000a78    r-x
  00000000    00000000    0000026c   0000026c    r-- .intvecs
  0000026c    0000026c    000007d4   000007d4    r-x .text
  00000a40    00000a40    00000038   00000038    r-- .cinit
20000000    20000000    0000021c   00000000    rw-
  20000000    20000000    00000200   00000000    rw- .stack
  20000200    20000200    00000018   00000000    rw- .data
  20000218    20000218    00000004   00000000    rw- .bss


SECTION ALLOCATION MAP

 output                                  attributes/
section   page    origin      length       input sections
--------  ----  ----------  ----------   ----------------
.intvecs   0    00000000    0000026c     
                  00000000    0000026c     tm4c123gh6pge_startup_ccs.obj (.intvecs)

.text      0    0000026c    000007d4     
                  0000026c    0000025c     main.obj (.text)
                  000004c8    000001b6     rtsv7M4_T_le_v4SPD16_eabi.lib : fd_add_t2.obj (.text)
                  0000067e    0000009c                                   : memcpy_t2.obj (.text)
                  0000071a    00000086                                   : fd_cmp_t2.obj (.text:__aeabi_cdcmple)
                  000007a0    0000007a                                   : memset_t2.obj (.text)
                  0000081a    00000002                                   : mpu_init.obj (.text)
                  0000081c    00000070                                   : autoinit.obj (.text)
                  0000088c    00000068                                   : copy_decompress_lzss.obj (.text:decompress:lzss)
                  000008f4    00000054                                   : boot.obj (.text)
                  00000948    00000054                                   : exit.obj (.text)
                  0000099c    0000004c                                   : cpy_tbl.obj (.text)
                  000009e8    00000018                                   : args_main.obj (.text)
                  00000a00    00000014                                   : _lock.obj (.text)
                  00000a14    0000000e                                   : copy_decompress_none.obj (.text:decompress:none)
                  00000a22    0000000c                                   : copy_zero_init.obj (.text:decompress:ZI)
                  00000a2e    0000000c     tm4c123gh6pge_startup_ccs.obj (.text)
                  00000a3a    00000004     rtsv7M4_T_le_v4SPD16_eabi.lib : pre_init.obj (.text)
                  00000a3e    00000002                                   : startup.obj (.text)

.cinit     0    00000a40    00000038     
                  00000a40    00000011     (.cinit..data.load) [load image, compression = lzss]
                  00000a51    00000003     --HOLE-- [fill = 0]
                  00000a54    0000000c     (__TI_handler_table)
                  00000a60    00000008     (.cinit..bss.load) [load image, compression = zero_init]
                  00000a68    00000010     (__TI_cinit_table)

.init_array 
*          0    00000000    00000000     UNINITIALIZED

.stack     0    20000000    00000200     UNINITIALIZED
                  20000000    00000200     --HOLE--

.data      0    20000200    00000018     UNINITIALIZED
                  20000200    0000000c     rtsv7M4_T_le_v4SPD16_eabi.lib : exit.obj (.data:$O1$$)
                  2000020c    00000008                                   : _lock.obj (.data:$O1$$)
                  20000214    00000004                                   : stkdepth_vars.obj (.data)

.bss       0    20000218    00000004     UNINITIALIZED
                  20000218    00000004     (.common:data)

MODULE SUMMARY

       Module                          code   ro data   rw data
       ------                          ----   -------   -------
    .\
       tm4c123gh6pge_startup_ccs.obj   12     620       0      
       main.obj                        604    0         4      
    +--+-------------------------------+------+---------+---------+
       Total:                          616    620       4      
                                                               
    D:\Robocon Softwares\CCS\ccsv7\tools\compiler\ti-cgt-arm_16.9.4.LTS\lib\rtsv7M4_T_le_v4SPD16_eabi.lib
       fd_add_t2.obj                   438    0         0      
       memcpy_t2.obj                   156    0         0      
       fd_cmp_t2.obj                   134    0         0      
       memset_t2.obj                   122    0         0      
       autoinit.obj                    112    0         0      
       copy_decompress_lzss.obj        104    0         0      
       exit.obj                        84     0         12     
       boot.obj                        84     0         0      
       cpy_tbl.obj                     76     0         0      
       _lock.obj                       20     0         8      
       args_main.obj                   24     0         0      
       copy_decompress_none.obj        14     0         0      
       copy_zero_init.obj              12     0         0      
       pre_init.obj                    4      0         0      
       stkdepth_vars.obj               0      0         4      
       mpu_init.obj                    2      0         0      
       startup.obj                     2      0         0      
    +--+-------------------------------+------+---------+---------+
       Total:                          1388   0         24     
                                                               
       Stack:                          0      0         512    
       Linker Generated:               0      53        0      
    +--+-------------------------------+------+---------+---------+
       Grand Total:                    2004   673       540    


LINKER GENERATED COPY TABLES

__TI_cinit_table @ 00000a68 records: 2, size/record: 8, table size: 16
	.data: load addr=00000a40, load size=00000011 bytes, run addr=20000200, run size=00000018 bytes, compression=lzss
	.bss: load addr=00000a60, load size=00000008 bytes, run addr=20000218, run size=00000004 bytes, compression=zero_init


LINKER GENERATED HANDLER TABLE

__TI_handler_table @ 00000a54 records: 3, size/record: 4, table size: 12
	index: 0, handler: __TI_decompress_lzss
	index: 1, handler: __TI_decompress_none
	index: 2, handler: __TI_zero_init


GLOBAL SYMBOLS: SORTED ALPHABETICALLY BY Name 

address   name                           
-------   ----                           
00000949  C$$EXIT                        
00000a2f  ResetISR                       
UNDEFED   SHT$$INIT_ARRAY$$Base          
UNDEFED   SHT$$INIT_ARRAY$$Limit         
000002c1  System80Mhz                    
20000200  __STACK_END                    
00000200  __STACK_SIZE                   
20000200  __STACK_TOP                    
00000a68  __TI_CINIT_Base                
00000a78  __TI_CINIT_Limit               
00000a54  __TI_Handler_Table_Base        
00000a60  __TI_Handler_Table_Limit       
0000081d  __TI_auto_init                 
20000200  __TI_cleanup_ptr               
0000088d  __TI_decompress_lzss           
00000a15  __TI_decompress_none           
20000204  __TI_dtors_ptr                 
20000208  __TI_enable_exit_profile_output
ffffffff  __TI_pprof_out_hndl            
ffffffff  __TI_prof_data_size            
ffffffff  __TI_prof_data_start           
00000000  __TI_static_base__             
00000a23  __TI_zero_init                 
0000071b  __aeabi_cdcmpeq                
0000071b  __aeabi_cdcmple                
000004d3  __aeabi_dadd                   
000004c9  __aeabi_dsub                   
000007a1  __aeabi_memclr                 
000007a1  __aeabi_memclr4                
000007a1  __aeabi_memclr8                
0000067f  __aeabi_memcpy                 
0000067f  __aeabi_memcpy4                
0000067f  __aeabi_memcpy8                
000007a3  __aeabi_memset                 
000007a3  __aeabi_memset4                
000007a3  __aeabi_memset8                
ffffffff  __binit__                      
ffffffff  __c_args__                     
0000081b  __mpu_init                     
20000000  __stack                        
000009e9  _args_main                     
000008f5  _c_int00                       
2000020c  _lock                          
00000a0f  _nop                           
00000a07  _register_lock                 
00000a01  _register_unlock               
00000a3f  _system_post_cinit             
00000a3b  _system_pre_init               
20000210  _unlock                        
0000094d  abort                          
ffffffff  binit                          
0000099d  copy_in                        
20000218  data                           
0000026d  delay                          
00000955  exit                           
00000000  g_pfnVectors                   
000003cf  main                           
20000214  main_func_sp                   
0000067f  memcpy                         
000007a9  memset                         


GLOBAL SYMBOLS: SORTED BY Symbol Address 

address   name                           
-------   ----                           
00000000  __TI_static_base__             
00000000  g_pfnVectors                   
00000200  __STACK_SIZE                   
0000026d  delay                          
000002c1  System80Mhz                    
000003cf  main                           
000004c9  __aeabi_dsub                   
000004d3  __aeabi_dadd                   
0000067f  __aeabi_memcpy                 
0000067f  __aeabi_memcpy4                
0000067f  __aeabi_memcpy8                
0000067f  memcpy                         
0000071b  __aeabi_cdcmpeq                
0000071b  __aeabi_cdcmple                
000007a1  __aeabi_memclr                 
000007a1  __aeabi_memclr4                
000007a1  __aeabi_memclr8                
000007a3  __aeabi_memset                 
000007a3  __aeabi_memset4                
000007a3  __aeabi_memset8                
000007a9  memset                         
0000081b  __mpu_init                     
0000081d  __TI_auto_init                 
0000088d  __TI_decompress_lzss           
000008f5  _c_int00                       
00000949  C$$EXIT                        
0000094d  abort                          
00000955  exit                           
0000099d  copy_in                        
000009e9  _args_main                     
00000a01  _register_unlock               
00000a07  _register_lock                 
00000a0f  _nop                           
00000a15  __TI_decompress_none           
00000a23  __TI_zero_init                 
00000a2f  ResetISR                       
00000a3b  _system_pre_init               
00000a3f  _system_post_cinit             
00000a54  __TI_Handler_Table_Base        
00000a60  __TI_Handler_Table_Limit       
00000a68  __TI_CINIT_Base                
00000a78  __TI_CINIT_Limit               
20000000  __stack                        
20000200  __STACK_END                    
20000200  __STACK_TOP                    
20000200  __TI_cleanup_ptr               
20000204  __TI_dtors_ptr                 
20000208  __TI_enable_exit_profile_output
2000020c  _lock                          
20000210  _unlock                        
20000214  main_func_sp                   
20000218  data                           
ffffffff  __TI_pprof_out_hndl            
ffffffff  __TI_prof_data_size            
ffffffff  __TI_prof_data_start           
ffffffff  __binit__                      
ffffffff  __c_args__                     
ffffffff  binit                          
UNDEFED   SHT$$INIT_ARRAY$$Base          
UNDEFED   SHT$$INIT_ARRAY$$Limit         

[60 symbols]
